// Jest Snapshot v1, https://goo.gl/fbAQLP

exports[`SpellBook Spells should match snapshot with all information passing in correctly 1`] = `
<section
  className="spells"
>
  <div
    className="spell-container"
  >
    <img
      alt="luna lovegood wand to favourite spell card"
      className="favourite-wand"
      onClick={[Function]}
      src="https://gamepress.gg/wizardsunite/sites/wizardsunite/files/2019-04/Luna%20Lovegood-foundable_0.png"
    />
    <div
      className="spell-info"
    >
      <h3 />
      <h4 />
      <p>
        This 
         
      </p>
    </div>
  </div>
  <img
    alt="background paper for spells"
    className="paper-img"
    src="https://www.artsclip.com/background/XZHaFAgbeP-vintage-paper-scroll-for-short-news-slides.png"
  />
</section>
`;
