// Jest Snapshot v1, https://goo.gl/fbAQLP

exports[`App should match snapshot with correct data passing through 1`] = `
<section>
  <Route
    exact={true}
    path="/"
    render={[Function]}
  />
  <Route
    exact={true}
    path="/spells"
    render={[Function]}
  />
  <Route
    exact={true}
    path="/favourites"
    render={[Function]}
  />
</section>
`;
