// Jest Snapshot v1, https://goo.gl/fbAQLP

exports[`NavBar Nav should match snapshot with all information passing in correctly 1`] = `
<nav>
  <h2>
    Bob Potter
     Potter 
  </h2>
  <Link
    to="/"
  />
  <NavLink
    to="/favourites"
  >
    <h2
      className="fav-link"
    >
      Favourite Spells
    </h2>
  </NavLink>
</nav>
`;
